// Jest Snapshot v1, https://goo.gl/fbAQLP

exports[`Filter should render correctly 1`] = `
<Modal
  className="filterModal"
  confirmLoading={false}
  footer={
    <div>
      <Button
        ghost={false}
        id="filterButton"
        loading={false}
        prefixCls="ant-btn"
        size="large"
        type="primary"
      >
        Set Filters
      </Button>
      <Button
        ghost={false}
        id="filterButton"
        loading={false}
        onClick={[Function]}
        prefixCls="ant-btn"
        size="large"
      >
        Cancel
      </Button>
    </div>
  }
  maskTransitionName="fade"
  okType="primary"
  onCancel={[Function]}
  prefixCls="ant-modal"
  title="Filters"
  transitionName="zoom"
  visible={false}
  width={800}
>
  <Tree
    autoExpandParent={true}
    checkable={true}
    checkedKeys={
      Array [
        "sales_ss19_BU_OP",
      ]
    }
    expandedKeys={
      Array [
        "sales_ss19",
        "cogs",
      ]
    }
    onCheck={[Function]}
    onExpand={[Function]}
    onSelect={[Function]}
    openAnimation={
      Object {
        "appear": [Function],
        "enter": [Function],
        "leave": [Function],
      }
    }
    prefixCls="ant-tree"
    selectedKeys={Array []}
    showIcon={false}
  >
    <TreeNode
      dataRef={
        Object {
          "children": Array [
            Object {
              "children": Array [
                Object {
                  "key": "sales_ss19_TD_WP",
                  "title": "TD WP",
                },
                Object {
                  "key": "sales_ss19_BU_WP",
                  "title": "BU WP",
                },
                Object {
                  "key": "sales_ss19_TD_OP",
                  "title": "TD OP",
                },
                Object {
                  "key": "sales_ss19_BU_OP",
                  "title": "BU OP",
                },
                Object {
                  "key": "sales_ss19_actuals",
                  "title": "Actuals",
                },
                Object {
                  "key": "sales_ss19_proj",
                  "title": "Exec. Proj.",
                },
                Object {
                  "key": "sales_ss19_sugg",
                  "title": "Sugg.",
                },
              ],
              "key": "sales_ss19",
              "title": "ss19",
            },
            Object {
              "children": Array [
                Object {
                  "key": "sales_ss18_TD_WP",
                  "title": "TD WP",
                },
                Object {
                  "key": "sales_ss18_BU_WP",
                  "title": "BU WP",
                },
                Object {
                  "key": "sales_ss18_TD_OP",
                  "title": "TD OP",
                },
                Object {
                  "key": "sales_ss18_BU_OP",
                  "title": "BU OP",
                },
                Object {
                  "key": "sales_ss18_actuals",
                  "title": "Actuals",
                },
                Object {
                  "key": "sales_ss18_proj",
                  "title": "Exec. Proj.",
                },
                Object {
                  "key": "sales_ss18_sugg",
                  "title": "Sugg.",
                },
              ],
              "key": "sales_ss18",
              "title": "ss18",
            },
            Object {
              "children": Array [
                Object {
                  "key": "sales_ss17_TD_WP",
                  "title": "TD WP",
                },
                Object {
                  "key": "sales_ss17_BU_WP",
                  "title": "BU WP",
                },
                Object {
                  "key": "sales_ss17_TD_OP",
                  "title": "TD OP",
                },
                Object {
                  "key": "sales_ss17_BU_OP",
                  "title": "BU OP",
                },
                Object {
                  "key": "sales_ss17_actuals",
                  "title": "Actuals",
                },
                Object {
                  "key": "sales_ss17_proj",
                  "title": "Exec. Proj.",
                },
                Object {
                  "key": "sales_ss17_sugg",
                  "title": "Sugg.",
                },
              ],
              "key": "sales_ss17",
              "title": "ss17",
            },
            Object {
              "children": Array [
                Object {
                  "key": "sales_ss16_TD_WP",
                  "title": "TD WP",
                },
                Object {
                  "key": "sales_ss16_BU_WP",
                  "title": "BU WP",
                },
                Object {
                  "key": "sales_ss16_TD_OP",
                  "title": "TD OP",
                },
                Object {
                  "key": "sales_ss16_BU_OP",
                  "title": "BU OP",
                },
                Object {
                  "key": "sales_ss16_actuals",
                  "title": "Actuals",
                },
                Object {
                  "key": "sales_ss16_proj",
                  "title": "Exec. Proj.",
                },
                Object {
                  "key": "sales_ss16_sugg",
                  "title": "Sugg.",
                },
              ],
              "key": "sales_ss16",
              "title": "ss16",
            },
            Object {
              "children": Array [
                Object {
                  "key": "sales_ss15_TD_WP",
                  "title": "TD WP",
                },
                Object {
                  "key": "sales_ss15_BU_WP",
                  "title": "BU WP",
                },
                Object {
                  "key": "sales_ss15_TD_OP",
                  "title": "TD OP",
                },
                Object {
                  "key": "sales_ss15_BU_OP",
                  "title": "BU OP",
                },
                Object {
                  "key": "sales_ss15_actuals",
                  "title": "Actuals",
                },
                Object {
                  "key": "sales_ss15_proj",
                  "title": "Exec. Proj.",
                },
                Object {
                  "key": "sales_ss15_sugg",
                  "title": "Sugg.",
                },
              ],
              "key": "sales_ss15",
              "title": "ss15",
            },
          ],
          "key": "sales",
          "title": "Sales",
        }
      }
      key="sales"
      title="Sales"
    >
      <TreeNode
        dataRef={
          Object {
            "children": Array [
              Object {
                "key": "sales_ss19_TD_WP",
                "title": "TD WP",
              },
              Object {
                "key": "sales_ss19_BU_WP",
                "title": "BU WP",
              },
              Object {
                "key": "sales_ss19_TD_OP",
                "title": "TD OP",
              },
              Object {
                "key": "sales_ss19_BU_OP",
                "title": "BU OP",
              },
              Object {
                "key": "sales_ss19_actuals",
                "title": "Actuals",
              },
              Object {
                "key": "sales_ss19_proj",
                "title": "Exec. Proj.",
              },
              Object {
                "key": "sales_ss19_sugg",
                "title": "Sugg.",
              },
            ],
            "key": "sales_ss19",
            "title": "ss19",
          }
        }
        key="sales_ss19"
        title="ss19"
      >
        <TreeNode
          key="sales_ss19_TD_WP"
          title="TD WP"
        />
        <TreeNode
          key="sales_ss19_BU_WP"
          title="BU WP"
        />
        <TreeNode
          key="sales_ss19_TD_OP"
          title="TD OP"
        />
        <TreeNode
          key="sales_ss19_BU_OP"
          title="BU OP"
        />
        <TreeNode
          key="sales_ss19_actuals"
          title="Actuals"
        />
        <TreeNode
          key="sales_ss19_proj"
          title="Exec. Proj."
        />
        <TreeNode
          key="sales_ss19_sugg"
          title="Sugg."
        />
      </TreeNode>
      <TreeNode
        dataRef={
          Object {
            "children": Array [
              Object {
                "key": "sales_ss18_TD_WP",
                "title": "TD WP",
              },
              Object {
                "key": "sales_ss18_BU_WP",
                "title": "BU WP",
              },
              Object {
                "key": "sales_ss18_TD_OP",
                "title": "TD OP",
              },
              Object {
                "key": "sales_ss18_BU_OP",
                "title": "BU OP",
              },
              Object {
                "key": "sales_ss18_actuals",
                "title": "Actuals",
              },
              Object {
                "key": "sales_ss18_proj",
                "title": "Exec. Proj.",
              },
              Object {
                "key": "sales_ss18_sugg",
                "title": "Sugg.",
              },
            ],
            "key": "sales_ss18",
            "title": "ss18",
          }
        }
        key="sales_ss18"
        title="ss18"
      >
        <TreeNode
          key="sales_ss18_TD_WP"
          title="TD WP"
        />
        <TreeNode
          key="sales_ss18_BU_WP"
          title="BU WP"
        />
        <TreeNode
          key="sales_ss18_TD_OP"
          title="TD OP"
        />
        <TreeNode
          key="sales_ss18_BU_OP"
          title="BU OP"
        />
        <TreeNode
          key="sales_ss18_actuals"
          title="Actuals"
        />
        <TreeNode
          key="sales_ss18_proj"
          title="Exec. Proj."
        />
        <TreeNode
          key="sales_ss18_sugg"
          title="Sugg."
        />
      </TreeNode>
      <TreeNode
        dataRef={
          Object {
            "children": Array [
              Object {
                "key": "sales_ss17_TD_WP",
                "title": "TD WP",
              },
              Object {
                "key": "sales_ss17_BU_WP",
                "title": "BU WP",
              },
              Object {
                "key": "sales_ss17_TD_OP",
                "title": "TD OP",
              },
              Object {
                "key": "sales_ss17_BU_OP",
                "title": "BU OP",
              },
              Object {
                "key": "sales_ss17_actuals",
                "title": "Actuals",
              },
              Object {
                "key": "sales_ss17_proj",
                "title": "Exec. Proj.",
              },
              Object {
                "key": "sales_ss17_sugg",
                "title": "Sugg.",
              },
            ],
            "key": "sales_ss17",
            "title": "ss17",
          }
        }
        key="sales_ss17"
        title="ss17"
      >
        <TreeNode
          key="sales_ss17_TD_WP"
          title="TD WP"
        />
        <TreeNode
          key="sales_ss17_BU_WP"
          title="BU WP"
        />
        <TreeNode
          key="sales_ss17_TD_OP"
          title="TD OP"
        />
        <TreeNode
          key="sales_ss17_BU_OP"
          title="BU OP"
        />
        <TreeNode
          key="sales_ss17_actuals"
          title="Actuals"
        />
        <TreeNode
          key="sales_ss17_proj"
          title="Exec. Proj."
        />
        <TreeNode
          key="sales_ss17_sugg"
          title="Sugg."
        />
      </TreeNode>
      <TreeNode
        dataRef={
          Object {
            "children": Array [
              Object {
                "key": "sales_ss16_TD_WP",
                "title": "TD WP",
              },
              Object {
                "key": "sales_ss16_BU_WP",
                "title": "BU WP",
              },
              Object {
                "key": "sales_ss16_TD_OP",
                "title": "TD OP",
              },
              Object {
                "key": "sales_ss16_BU_OP",
                "title": "BU OP",
              },
              Object {
                "key": "sales_ss16_actuals",
                "title": "Actuals",
              },
              Object {
                "key": "sales_ss16_proj",
                "title": "Exec. Proj.",
              },
              Object {
                "key": "sales_ss16_sugg",
                "title": "Sugg.",
              },
            ],
            "key": "sales_ss16",
            "title": "ss16",
          }
        }
        key="sales_ss16"
        title="ss16"
      >
        <TreeNode
          key="sales_ss16_TD_WP"
          title="TD WP"
        />
        <TreeNode
          key="sales_ss16_BU_WP"
          title="BU WP"
        />
        <TreeNode
          key="sales_ss16_TD_OP"
          title="TD OP"
        />
        <TreeNode
          key="sales_ss16_BU_OP"
          title="BU OP"
        />
        <TreeNode
          key="sales_ss16_actuals"
          title="Actuals"
        />
        <TreeNode
          key="sales_ss16_proj"
          title="Exec. Proj."
        />
        <TreeNode
          key="sales_ss16_sugg"
          title="Sugg."
        />
      </TreeNode>
      <TreeNode
        dataRef={
          Object {
            "children": Array [
              Object {
                "key": "sales_ss15_TD_WP",
                "title": "TD WP",
              },
              Object {
                "key": "sales_ss15_BU_WP",
                "title": "BU WP",
              },
              Object {
                "key": "sales_ss15_TD_OP",
                "title": "TD OP",
              },
              Object {
                "key": "sales_ss15_BU_OP",
                "title": "BU OP",
              },
              Object {
                "key": "sales_ss15_actuals",
                "title": "Actuals",
              },
              Object {
                "key": "sales_ss15_proj",
                "title": "Exec. Proj.",
              },
              Object {
                "key": "sales_ss15_sugg",
                "title": "Sugg.",
              },
            ],
            "key": "sales_ss15",
            "title": "ss15",
          }
        }
        key="sales_ss15"
        title="ss15"
      >
        <TreeNode
          key="sales_ss15_TD_WP"
          title="TD WP"
        />
        <TreeNode
          key="sales_ss15_BU_WP"
          title="BU WP"
        />
        <TreeNode
          key="sales_ss15_TD_OP"
          title="TD OP"
        />
        <TreeNode
          key="sales_ss15_BU_OP"
          title="BU OP"
        />
        <TreeNode
          key="sales_ss15_actuals"
          title="Actuals"
        />
        <TreeNode
          key="sales_ss15_proj"
          title="Exec. Proj."
        />
        <TreeNode
          key="sales_ss15_sugg"
          title="Sugg."
        />
      </TreeNode>
    </TreeNode>
    <TreeNode
      dataRef={
        Object {
          "children": Array [
            Object {
              "children": Array [
                Object {
                  "key": "cogs_ss19_TD_WP",
                  "title": "TD WP",
                },
                Object {
                  "key": "cogs_ss19_BU_WP",
                  "title": "BU WP",
                },
                Object {
                  "key": "cogs_ss19_TD_OP",
                  "title": "TD OP",
                },
                Object {
                  "key": "cogs_ss19_BU_OP",
                  "title": "BU OP",
                },
                Object {
                  "key": "cogs_ss19_actuals",
                  "title": "Actuals",
                },
                Object {
                  "key": "cogs_ss19_proj",
                  "title": "Exec. Proj.",
                },
                Object {
                  "key": "cogs_ss19_sugg",
                  "title": "Sugg.",
                },
              ],
              "key": "cogs_ss19",
              "title": "ss19",
            },
            Object {
              "children": Array [
                Object {
                  "key": "cogs_ss18_TD_WP",
                  "title": "TD WP",
                },
                Object {
                  "key": "cogs_ss18_BU_WP",
                  "title": "BU WP",
                },
                Object {
                  "key": "cogs_ss18_TD_OP",
                  "title": "TD OP",
                },
                Object {
                  "key": "cogs_ss18_BU_OP",
                  "title": "BU OP",
                },
                Object {
                  "key": "cogs_ss18_actuals",
                  "title": "Actuals",
                },
                Object {
                  "key": "cogs_ss18_proj",
                  "title": "Exec. Proj.",
                },
                Object {
                  "key": "cogs_ss18_sugg",
                  "title": "Sugg.",
                },
              ],
              "key": "cogs_ss18",
              "title": "ss18",
            },
            Object {
              "children": Array [
                Object {
                  "key": "cogs_ss17_TD_WP",
                  "title": "TD WP",
                },
                Object {
                  "key": "cogs_ss17_BU_WP",
                  "title": "BU WP",
                },
                Object {
                  "key": "cogs_ss17_TD_OP",
                  "title": "TD OP",
                },
                Object {
                  "key": "cogs_ss17_BU_OP",
                  "title": "BU OP",
                },
                Object {
                  "key": "cogs_ss17_actuals",
                  "title": "Actuals",
                },
                Object {
                  "key": "cogs_ss17_proj",
                  "title": "Exec. Proj.",
                },
                Object {
                  "key": "cogs_ss17_sugg",
                  "title": "Sugg.",
                },
              ],
              "key": "cogs_ss17",
              "title": "ss17",
            },
            Object {
              "children": Array [
                Object {
                  "key": "cogs_ss16_TD_WP",
                  "title": "TD WP",
                },
                Object {
                  "key": "cogs_ss16_BU_WP",
                  "title": "BU WP",
                },
                Object {
                  "key": "cogs_ss16_TD_OP",
                  "title": "TD OP",
                },
                Object {
                  "key": "cogs_ss16_BU_OP",
                  "title": "BU OP",
                },
                Object {
                  "key": "cogs_ss16_actuals",
                  "title": "Actuals",
                },
                Object {
                  "key": "cogs_ss16_proj",
                  "title": "Exec. Proj.",
                },
                Object {
                  "key": "cogs_ss16_sugg",
                  "title": "Sugg.",
                },
              ],
              "key": "cogs_ss16",
              "title": "ss16",
            },
            Object {
              "children": Array [
                Object {
                  "key": "cogs_ss15_TD_WP",
                  "title": "TD WP",
                },
                Object {
                  "key": "cogs_ss15_BU_WP",
                  "title": "BU WP",
                },
                Object {
                  "key": "cogs_ss15_TD_OP",
                  "title": "TD OP",
                },
                Object {
                  "key": "cogs_ss15_BU_OP",
                  "title": "BU OP",
                },
                Object {
                  "key": "cogs_ss15_actuals",
                  "title": "Actuals",
                },
                Object {
                  "key": "cogs_ss15_proj",
                  "title": "Exec. Proj.",
                },
                Object {
                  "key": "cogs_ss15_sugg",
                  "title": "Sugg.",
                },
              ],
              "key": "cogs_ss15",
              "title": "ss15",
            },
          ],
          "key": "cogs",
          "title": "COGS",
        }
      }
      key="cogs"
      title="COGS"
    >
      <TreeNode
        dataRef={
          Object {
            "children": Array [
              Object {
                "key": "cogs_ss19_TD_WP",
                "title": "TD WP",
              },
              Object {
                "key": "cogs_ss19_BU_WP",
                "title": "BU WP",
              },
              Object {
                "key": "cogs_ss19_TD_OP",
                "title": "TD OP",
              },
              Object {
                "key": "cogs_ss19_BU_OP",
                "title": "BU OP",
              },
              Object {
                "key": "cogs_ss19_actuals",
                "title": "Actuals",
              },
              Object {
                "key": "cogs_ss19_proj",
                "title": "Exec. Proj.",
              },
              Object {
                "key": "cogs_ss19_sugg",
                "title": "Sugg.",
              },
            ],
            "key": "cogs_ss19",
            "title": "ss19",
          }
        }
        key="cogs_ss19"
        title="ss19"
      >
        <TreeNode
          key="cogs_ss19_TD_WP"
          title="TD WP"
        />
        <TreeNode
          key="cogs_ss19_BU_WP"
          title="BU WP"
        />
        <TreeNode
          key="cogs_ss19_TD_OP"
          title="TD OP"
        />
        <TreeNode
          key="cogs_ss19_BU_OP"
          title="BU OP"
        />
        <TreeNode
          key="cogs_ss19_actuals"
          title="Actuals"
        />
        <TreeNode
          key="cogs_ss19_proj"
          title="Exec. Proj."
        />
        <TreeNode
          key="cogs_ss19_sugg"
          title="Sugg."
        />
      </TreeNode>
      <TreeNode
        dataRef={
          Object {
            "children": Array [
              Object {
                "key": "cogs_ss18_TD_WP",
                "title": "TD WP",
              },
              Object {
                "key": "cogs_ss18_BU_WP",
                "title": "BU WP",
              },
              Object {
                "key": "cogs_ss18_TD_OP",
                "title": "TD OP",
              },
              Object {
                "key": "cogs_ss18_BU_OP",
                "title": "BU OP",
              },
              Object {
                "key": "cogs_ss18_actuals",
                "title": "Actuals",
              },
              Object {
                "key": "cogs_ss18_proj",
                "title": "Exec. Proj.",
              },
              Object {
                "key": "cogs_ss18_sugg",
                "title": "Sugg.",
              },
            ],
            "key": "cogs_ss18",
            "title": "ss18",
          }
        }
        key="cogs_ss18"
        title="ss18"
      >
        <TreeNode
          key="cogs_ss18_TD_WP"
          title="TD WP"
        />
        <TreeNode
          key="cogs_ss18_BU_WP"
          title="BU WP"
        />
        <TreeNode
          key="cogs_ss18_TD_OP"
          title="TD OP"
        />
        <TreeNode
          key="cogs_ss18_BU_OP"
          title="BU OP"
        />
        <TreeNode
          key="cogs_ss18_actuals"
          title="Actuals"
        />
        <TreeNode
          key="cogs_ss18_proj"
          title="Exec. Proj."
        />
        <TreeNode
          key="cogs_ss18_sugg"
          title="Sugg."
        />
      </TreeNode>
      <TreeNode
        dataRef={
          Object {
            "children": Array [
              Object {
                "key": "cogs_ss17_TD_WP",
                "title": "TD WP",
              },
              Object {
                "key": "cogs_ss17_BU_WP",
                "title": "BU WP",
              },
              Object {
                "key": "cogs_ss17_TD_OP",
                "title": "TD OP",
              },
              Object {
                "key": "cogs_ss17_BU_OP",
                "title": "BU OP",
              },
              Object {
                "key": "cogs_ss17_actuals",
                "title": "Actuals",
              },
              Object {
                "key": "cogs_ss17_proj",
                "title": "Exec. Proj.",
              },
              Object {
                "key": "cogs_ss17_sugg",
                "title": "Sugg.",
              },
            ],
            "key": "cogs_ss17",
            "title": "ss17",
          }
        }
        key="cogs_ss17"
        title="ss17"
      >
        <TreeNode
          key="cogs_ss17_TD_WP"
          title="TD WP"
        />
        <TreeNode
          key="cogs_ss17_BU_WP"
          title="BU WP"
        />
        <TreeNode
          key="cogs_ss17_TD_OP"
          title="TD OP"
        />
        <TreeNode
          key="cogs_ss17_BU_OP"
          title="BU OP"
        />
        <TreeNode
          key="cogs_ss17_actuals"
          title="Actuals"
        />
        <TreeNode
          key="cogs_ss17_proj"
          title="Exec. Proj."
        />
        <TreeNode
          key="cogs_ss17_sugg"
          title="Sugg."
        />
      </TreeNode>
      <TreeNode
        dataRef={
          Object {
            "children": Array [
              Object {
                "key": "cogs_ss16_TD_WP",
                "title": "TD WP",
              },
              Object {
                "key": "cogs_ss16_BU_WP",
                "title": "BU WP",
              },
              Object {
                "key": "cogs_ss16_TD_OP",
                "title": "TD OP",
              },
              Object {
                "key": "cogs_ss16_BU_OP",
                "title": "BU OP",
              },
              Object {
                "key": "cogs_ss16_actuals",
                "title": "Actuals",
              },
              Object {
                "key": "cogs_ss16_proj",
                "title": "Exec. Proj.",
              },
              Object {
                "key": "cogs_ss16_sugg",
                "title": "Sugg.",
              },
            ],
            "key": "cogs_ss16",
            "title": "ss16",
          }
        }
        key="cogs_ss16"
        title="ss16"
      >
        <TreeNode
          key="cogs_ss16_TD_WP"
          title="TD WP"
        />
        <TreeNode
          key="cogs_ss16_BU_WP"
          title="BU WP"
        />
        <TreeNode
          key="cogs_ss16_TD_OP"
          title="TD OP"
        />
        <TreeNode
          key="cogs_ss16_BU_OP"
          title="BU OP"
        />
        <TreeNode
          key="cogs_ss16_actuals"
          title="Actuals"
        />
        <TreeNode
          key="cogs_ss16_proj"
          title="Exec. Proj."
        />
        <TreeNode
          key="cogs_ss16_sugg"
          title="Sugg."
        />
      </TreeNode>
      <TreeNode
        dataRef={
          Object {
            "children": Array [
              Object {
                "key": "cogs_ss15_TD_WP",
                "title": "TD WP",
              },
              Object {
                "key": "cogs_ss15_BU_WP",
                "title": "BU WP",
              },
              Object {
                "key": "cogs_ss15_TD_OP",
                "title": "TD OP",
              },
              Object {
                "key": "cogs_ss15_BU_OP",
                "title": "BU OP",
              },
              Object {
                "key": "cogs_ss15_actuals",
                "title": "Actuals",
              },
              Object {
                "key": "cogs_ss15_proj",
                "title": "Exec. Proj.",
              },
              Object {
                "key": "cogs_ss15_sugg",
                "title": "Sugg.",
              },
            ],
            "key": "cogs_ss15",
            "title": "ss15",
          }
        }
        key="cogs_ss15"
        title="ss15"
      >
        <TreeNode
          key="cogs_ss15_TD_WP"
          title="TD WP"
        />
        <TreeNode
          key="cogs_ss15_BU_WP"
          title="BU WP"
        />
        <TreeNode
          key="cogs_ss15_TD_OP"
          title="TD OP"
        />
        <TreeNode
          key="cogs_ss15_BU_OP"
          title="BU OP"
        />
        <TreeNode
          key="cogs_ss15_actuals"
          title="Actuals"
        />
        <TreeNode
          key="cogs_ss15_proj"
          title="Exec. Proj."
        />
        <TreeNode
          key="cogs_ss15_sugg"
          title="Sugg."
        />
      </TreeNode>
    </TreeNode>
    <TreeNode
      dataRef={
        Object {
          "children": Array [
            Object {
              "children": Array [
                Object {
                  "key": "gm_percentage_ss19_TD_WP",
                  "title": "TD WP",
                },
                Object {
                  "key": "gm_percentage_ss19_BU_WP",
                  "title": "BU WP",
                },
                Object {
                  "key": "gm_percentage_ss19_TD_OP",
                  "title": "TD OP",
                },
                Object {
                  "key": "gm_percentage_ss19_BU_OP",
                  "title": "BU OP",
                },
                Object {
                  "key": "gm_percentage_ss19_actuals",
                  "title": "Actuals",
                },
                Object {
                  "key": "gm_percentage_ss19_proj",
                  "title": "Exec. Proj.",
                },
                Object {
                  "key": "gm_percentage_ss19_sugg",
                  "title": "Sugg.",
                },
              ],
              "key": "gm_percentage_ss19",
              "title": "ss19",
            },
            Object {
              "children": Array [
                Object {
                  "key": "gm_percentage_ss18_TD_WP",
                  "title": "TD WP",
                },
                Object {
                  "key": "gm_percentage_ss18_BU_WP",
                  "title": "BU WP",
                },
                Object {
                  "key": "gm_percentage_ss18_TD_OP",
                  "title": "TD OP",
                },
                Object {
                  "key": "gm_percentage_ss18_BU_OP",
                  "title": "BU OP",
                },
                Object {
                  "key": "gm_percentage_ss18_actuals",
                  "title": "Actuals",
                },
                Object {
                  "key": "gm_percentage_ss18_proj",
                  "title": "Exec. Proj.",
                },
                Object {
                  "key": "gm_percentage_ss18_sugg",
                  "title": "Sugg.",
                },
              ],
              "key": "gm_percentage_ss18",
              "title": "ss18",
            },
            Object {
              "children": Array [
                Object {
                  "key": "gm_percentage_ss17_TD_WP",
                  "title": "TD WP",
                },
                Object {
                  "key": "gm_percentage_ss17_BU_WP",
                  "title": "BU WP",
                },
                Object {
                  "key": "gm_percentage_ss17_TD_OP",
                  "title": "TD OP",
                },
                Object {
                  "key": "gm_percentage_ss17_BU_OP",
                  "title": "BU OP",
                },
                Object {
                  "key": "gm_percentage_ss17_actuals",
                  "title": "Actuals",
                },
                Object {
                  "key": "gm_percentage_ss17_proj",
                  "title": "Exec. Proj.",
                },
                Object {
                  "key": "gm_percentage_ss17_sugg",
                  "title": "Sugg.",
                },
              ],
              "key": "gm_percentage_ss17",
              "title": "ss17",
            },
            Object {
              "children": Array [
                Object {
                  "key": "gm_percentage_ss16_TD_WP",
                  "title": "TD WP",
                },
                Object {
                  "key": "gm_percentage_ss16_BU_WP",
                  "title": "BU WP",
                },
                Object {
                  "key": "gm_percentage_ss16_TD_OP",
                  "title": "TD OP",
                },
                Object {
                  "key": "gm_percentage_ss16_BU_OP",
                  "title": "BU OP",
                },
                Object {
                  "key": "gm_percentage_ss16_actuals",
                  "title": "Actuals",
                },
                Object {
                  "key": "gm_percentage_ss16_proj",
                  "title": "Exec. Proj.",
                },
                Object {
                  "key": "gm_percentage_ss16_sugg",
                  "title": "Sugg.",
                },
              ],
              "key": "gm_percentage_ss16",
              "title": "ss16",
            },
            Object {
              "children": Array [
                Object {
                  "key": "gm_percentage_ss15_TD_WP",
                  "title": "TD WP",
                },
                Object {
                  "key": "gm_percentage_ss15_BU_WP",
                  "title": "BU WP",
                },
                Object {
                  "key": "gm_percentage_ss15_TD_OP",
                  "title": "TD OP",
                },
                Object {
                  "key": "gm_percentage_ss15_BU_OP",
                  "title": "BU OP",
                },
                Object {
                  "key": "gm_percentage_ss15_actuals",
                  "title": "Actuals",
                },
                Object {
                  "key": "gm_percentage_ss15_proj",
                  "title": "Exec. Proj.",
                },
                Object {
                  "key": "gm_percentage_ss15_sugg",
                  "title": "Sugg.",
                },
              ],
              "key": "gm_percentage_ss15",
              "title": "ss15",
            },
          ],
          "key": "gm_percentage",
          "title": "GM%",
        }
      }
      key="gm_percentage"
      title="GM%"
    >
      <TreeNode
        dataRef={
          Object {
            "children": Array [
              Object {
                "key": "gm_percentage_ss19_TD_WP",
                "title": "TD WP",
              },
              Object {
                "key": "gm_percentage_ss19_BU_WP",
                "title": "BU WP",
              },
              Object {
                "key": "gm_percentage_ss19_TD_OP",
                "title": "TD OP",
              },
              Object {
                "key": "gm_percentage_ss19_BU_OP",
                "title": "BU OP",
              },
              Object {
                "key": "gm_percentage_ss19_actuals",
                "title": "Actuals",
              },
              Object {
                "key": "gm_percentage_ss19_proj",
                "title": "Exec. Proj.",
              },
              Object {
                "key": "gm_percentage_ss19_sugg",
                "title": "Sugg.",
              },
            ],
            "key": "gm_percentage_ss19",
            "title": "ss19",
          }
        }
        key="gm_percentage_ss19"
        title="ss19"
      >
        <TreeNode
          key="gm_percentage_ss19_TD_WP"
          title="TD WP"
        />
        <TreeNode
          key="gm_percentage_ss19_BU_WP"
          title="BU WP"
        />
        <TreeNode
          key="gm_percentage_ss19_TD_OP"
          title="TD OP"
        />
        <TreeNode
          key="gm_percentage_ss19_BU_OP"
          title="BU OP"
        />
        <TreeNode
          key="gm_percentage_ss19_actuals"
          title="Actuals"
        />
        <TreeNode
          key="gm_percentage_ss19_proj"
          title="Exec. Proj."
        />
        <TreeNode
          key="gm_percentage_ss19_sugg"
          title="Sugg."
        />
      </TreeNode>
      <TreeNode
        dataRef={
          Object {
            "children": Array [
              Object {
                "key": "gm_percentage_ss18_TD_WP",
                "title": "TD WP",
              },
              Object {
                "key": "gm_percentage_ss18_BU_WP",
                "title": "BU WP",
              },
              Object {
                "key": "gm_percentage_ss18_TD_OP",
                "title": "TD OP",
              },
              Object {
                "key": "gm_percentage_ss18_BU_OP",
                "title": "BU OP",
              },
              Object {
                "key": "gm_percentage_ss18_actuals",
                "title": "Actuals",
              },
              Object {
                "key": "gm_percentage_ss18_proj",
                "title": "Exec. Proj.",
              },
              Object {
                "key": "gm_percentage_ss18_sugg",
                "title": "Sugg.",
              },
            ],
            "key": "gm_percentage_ss18",
            "title": "ss18",
          }
        }
        key="gm_percentage_ss18"
        title="ss18"
      >
        <TreeNode
          key="gm_percentage_ss18_TD_WP"
          title="TD WP"
        />
        <TreeNode
          key="gm_percentage_ss18_BU_WP"
          title="BU WP"
        />
        <TreeNode
          key="gm_percentage_ss18_TD_OP"
          title="TD OP"
        />
        <TreeNode
          key="gm_percentage_ss18_BU_OP"
          title="BU OP"
        />
        <TreeNode
          key="gm_percentage_ss18_actuals"
          title="Actuals"
        />
        <TreeNode
          key="gm_percentage_ss18_proj"
          title="Exec. Proj."
        />
        <TreeNode
          key="gm_percentage_ss18_sugg"
          title="Sugg."
        />
      </TreeNode>
      <TreeNode
        dataRef={
          Object {
            "children": Array [
              Object {
                "key": "gm_percentage_ss17_TD_WP",
                "title": "TD WP",
              },
              Object {
                "key": "gm_percentage_ss17_BU_WP",
                "title": "BU WP",
              },
              Object {
                "key": "gm_percentage_ss17_TD_OP",
                "title": "TD OP",
              },
              Object {
                "key": "gm_percentage_ss17_BU_OP",
                "title": "BU OP",
              },
              Object {
                "key": "gm_percentage_ss17_actuals",
                "title": "Actuals",
              },
              Object {
                "key": "gm_percentage_ss17_proj",
                "title": "Exec. Proj.",
              },
              Object {
                "key": "gm_percentage_ss17_sugg",
                "title": "Sugg.",
              },
            ],
            "key": "gm_percentage_ss17",
            "title": "ss17",
          }
        }
        key="gm_percentage_ss17"
        title="ss17"
      >
        <TreeNode
          key="gm_percentage_ss17_TD_WP"
          title="TD WP"
        />
        <TreeNode
          key="gm_percentage_ss17_BU_WP"
          title="BU WP"
        />
        <TreeNode
          key="gm_percentage_ss17_TD_OP"
          title="TD OP"
        />
        <TreeNode
          key="gm_percentage_ss17_BU_OP"
          title="BU OP"
        />
        <TreeNode
          key="gm_percentage_ss17_actuals"
          title="Actuals"
        />
        <TreeNode
          key="gm_percentage_ss17_proj"
          title="Exec. Proj."
        />
        <TreeNode
          key="gm_percentage_ss17_sugg"
          title="Sugg."
        />
      </TreeNode>
      <TreeNode
        dataRef={
          Object {
            "children": Array [
              Object {
                "key": "gm_percentage_ss16_TD_WP",
                "title": "TD WP",
              },
              Object {
                "key": "gm_percentage_ss16_BU_WP",
                "title": "BU WP",
              },
              Object {
                "key": "gm_percentage_ss16_TD_OP",
                "title": "TD OP",
              },
              Object {
                "key": "gm_percentage_ss16_BU_OP",
                "title": "BU OP",
              },
              Object {
                "key": "gm_percentage_ss16_actuals",
                "title": "Actuals",
              },
              Object {
                "key": "gm_percentage_ss16_proj",
                "title": "Exec. Proj.",
              },
              Object {
                "key": "gm_percentage_ss16_sugg",
                "title": "Sugg.",
              },
            ],
            "key": "gm_percentage_ss16",
            "title": "ss16",
          }
        }
        key="gm_percentage_ss16"
        title="ss16"
      >
        <TreeNode
          key="gm_percentage_ss16_TD_WP"
          title="TD WP"
        />
        <TreeNode
          key="gm_percentage_ss16_BU_WP"
          title="BU WP"
        />
        <TreeNode
          key="gm_percentage_ss16_TD_OP"
          title="TD OP"
        />
        <TreeNode
          key="gm_percentage_ss16_BU_OP"
          title="BU OP"
        />
        <TreeNode
          key="gm_percentage_ss16_actuals"
          title="Actuals"
        />
        <TreeNode
          key="gm_percentage_ss16_proj"
          title="Exec. Proj."
        />
        <TreeNode
          key="gm_percentage_ss16_sugg"
          title="Sugg."
        />
      </TreeNode>
      <TreeNode
        dataRef={
          Object {
            "children": Array [
              Object {
                "key": "gm_percentage_ss15_TD_WP",
                "title": "TD WP",
              },
              Object {
                "key": "gm_percentage_ss15_BU_WP",
                "title": "BU WP",
              },
              Object {
                "key": "gm_percentage_ss15_TD_OP",
                "title": "TD OP",
              },
              Object {
                "key": "gm_percentage_ss15_BU_OP",
                "title": "BU OP",
              },
              Object {
                "key": "gm_percentage_ss15_actuals",
                "title": "Actuals",
              },
              Object {
                "key": "gm_percentage_ss15_proj",
                "title": "Exec. Proj.",
              },
              Object {
                "key": "gm_percentage_ss15_sugg",
                "title": "Sugg.",
              },
            ],
            "key": "gm_percentage_ss15",
            "title": "ss15",
          }
        }
        key="gm_percentage_ss15"
        title="ss15"
      >
        <TreeNode
          key="gm_percentage_ss15_TD_WP"
          title="TD WP"
        />
        <TreeNode
          key="gm_percentage_ss15_BU_WP"
          title="BU WP"
        />
        <TreeNode
          key="gm_percentage_ss15_TD_OP"
          title="TD OP"
        />
        <TreeNode
          key="gm_percentage_ss15_BU_OP"
          title="BU OP"
        />
        <TreeNode
          key="gm_percentage_ss15_actuals"
          title="Actuals"
        />
        <TreeNode
          key="gm_percentage_ss15_proj"
          title="Exec. Proj."
        />
        <TreeNode
          key="gm_percentage_ss15_sugg"
          title="Sugg."
        />
      </TreeNode>
    </TreeNode>
    <TreeNode
      dataRef={
        Object {
          "children": Array [
            Object {
              "children": Array [
                Object {
                  "key": "gm_dollar_ss19_TD_WP",
                  "title": "TD WP",
                },
                Object {
                  "key": "gm_dollar_ss19_BU_WP",
                  "title": "BU WP",
                },
                Object {
                  "key": "gm_dollar_ss19_TD_OP",
                  "title": "TD OP",
                },
                Object {
                  "key": "gm_dollar_ss19_BU_OP",
                  "title": "BU OP",
                },
                Object {
                  "key": "gm_dollar_ss19_actuals",
                  "title": "Actuals",
                },
                Object {
                  "key": "gm_dollar_ss19_proj",
                  "title": "Exec. Proj.",
                },
                Object {
                  "key": "gm_dollar_ss19_sugg",
                  "title": "Sugg.",
                },
              ],
              "key": "gm_dollar_ss19",
              "title": "ss19",
            },
            Object {
              "children": Array [
                Object {
                  "key": "gm_dollar_ss18_TD_WP",
                  "title": "TD WP",
                },
                Object {
                  "key": "gm_dollar_ss18_BU_WP",
                  "title": "BU WP",
                },
                Object {
                  "key": "gm_dollar_ss18_TD_OP",
                  "title": "TD OP",
                },
                Object {
                  "key": "gm_dollar_ss18_BU_OP",
                  "title": "BU OP",
                },
                Object {
                  "key": "gm_dollar_ss18_actuals",
                  "title": "Actuals",
                },
                Object {
                  "key": "gm_dollar_ss18_proj",
                  "title": "Exec. Proj.",
                },
                Object {
                  "key": "gm_dollar_ss18_sugg",
                  "title": "Sugg.",
                },
              ],
              "key": "gm_dollar_ss18",
              "title": "ss18",
            },
            Object {
              "children": Array [
                Object {
                  "key": "gm_dollar_ss17_TD_WP",
                  "title": "TD WP",
                },
                Object {
                  "key": "gm_dollar_ss17_BU_WP",
                  "title": "BU WP",
                },
                Object {
                  "key": "gm_dollar_ss17_TD_OP",
                  "title": "TD OP",
                },
                Object {
                  "key": "gm_dollar_ss17_BU_OP",
                  "title": "BU OP",
                },
                Object {
                  "key": "gm_dollar_ss17_actuals",
                  "title": "Actuals",
                },
                Object {
                  "key": "gm_dollar_ss17_proj",
                  "title": "Exec. Proj.",
                },
                Object {
                  "key": "gm_dollar_ss17_sugg",
                  "title": "Sugg.",
                },
              ],
              "key": "gm_dollar_ss17",
              "title": "ss17",
            },
            Object {
              "children": Array [
                Object {
                  "key": "gm_dollar_ss16_TD_WP",
                  "title": "TD WP",
                },
                Object {
                  "key": "gm_dollar_ss16_BU_WP",
                  "title": "BU WP",
                },
                Object {
                  "key": "gm_dollar_ss16_TD_OP",
                  "title": "TD OP",
                },
                Object {
                  "key": "gm_dollar_ss16_BU_OP",
                  "title": "BU OP",
                },
                Object {
                  "key": "gm_dollar_ss16_actuals",
                  "title": "Actuals",
                },
                Object {
                  "key": "gm_dollar_ss16_proj",
                  "title": "Exec. Proj.",
                },
                Object {
                  "key": "gm_dollar_ss16_sugg",
                  "title": "Sugg.",
                },
              ],
              "key": "gm_dollar_ss16",
              "title": "ss16",
            },
            Object {
              "children": Array [
                Object {
                  "key": "gm_dollar_ss15_TD_WP",
                  "title": "TD WP",
                },
                Object {
                  "key": "gm_dollar_ss15_BU_WP",
                  "title": "BU WP",
                },
                Object {
                  "key": "gm_dollar_ss15_TD_OP",
                  "title": "TD OP",
                },
                Object {
                  "key": "gm_dollar_ss15_BU_OP",
                  "title": "BU OP",
                },
                Object {
                  "key": "gm_dollar_ss15_actuals",
                  "title": "Actuals",
                },
                Object {
                  "key": "gm_dollar_ss15_proj",
                  "title": "Exec. Proj.",
                },
                Object {
                  "key": "gm_dollar_ss15_sugg",
                  "title": "Sugg.",
                },
              ],
              "key": "gm_dollar_ss15",
              "title": "ss15",
            },
          ],
          "key": "gm_dollar",
          "title": "GM$",
        }
      }
      key="gm_dollar"
      title="GM$"
    >
      <TreeNode
        dataRef={
          Object {
            "children": Array [
              Object {
                "key": "gm_dollar_ss19_TD_WP",
                "title": "TD WP",
              },
              Object {
                "key": "gm_dollar_ss19_BU_WP",
                "title": "BU WP",
              },
              Object {
                "key": "gm_dollar_ss19_TD_OP",
                "title": "TD OP",
              },
              Object {
                "key": "gm_dollar_ss19_BU_OP",
                "title": "BU OP",
              },
              Object {
                "key": "gm_dollar_ss19_actuals",
                "title": "Actuals",
              },
              Object {
                "key": "gm_dollar_ss19_proj",
                "title": "Exec. Proj.",
              },
              Object {
                "key": "gm_dollar_ss19_sugg",
                "title": "Sugg.",
              },
            ],
            "key": "gm_dollar_ss19",
            "title": "ss19",
          }
        }
        key="gm_dollar_ss19"
        title="ss19"
      >
        <TreeNode
          key="gm_dollar_ss19_TD_WP"
          title="TD WP"
        />
        <TreeNode
          key="gm_dollar_ss19_BU_WP"
          title="BU WP"
        />
        <TreeNode
          key="gm_dollar_ss19_TD_OP"
          title="TD OP"
        />
        <TreeNode
          key="gm_dollar_ss19_BU_OP"
          title="BU OP"
        />
        <TreeNode
          key="gm_dollar_ss19_actuals"
          title="Actuals"
        />
        <TreeNode
          key="gm_dollar_ss19_proj"
          title="Exec. Proj."
        />
        <TreeNode
          key="gm_dollar_ss19_sugg"
          title="Sugg."
        />
      </TreeNode>
      <TreeNode
        dataRef={
          Object {
            "children": Array [
              Object {
                "key": "gm_dollar_ss18_TD_WP",
                "title": "TD WP",
              },
              Object {
                "key": "gm_dollar_ss18_BU_WP",
                "title": "BU WP",
              },
              Object {
                "key": "gm_dollar_ss18_TD_OP",
                "title": "TD OP",
              },
              Object {
                "key": "gm_dollar_ss18_BU_OP",
                "title": "BU OP",
              },
              Object {
                "key": "gm_dollar_ss18_actuals",
                "title": "Actuals",
              },
              Object {
                "key": "gm_dollar_ss18_proj",
                "title": "Exec. Proj.",
              },
              Object {
                "key": "gm_dollar_ss18_sugg",
                "title": "Sugg.",
              },
            ],
            "key": "gm_dollar_ss18",
            "title": "ss18",
          }
        }
        key="gm_dollar_ss18"
        title="ss18"
      >
        <TreeNode
          key="gm_dollar_ss18_TD_WP"
          title="TD WP"
        />
        <TreeNode
          key="gm_dollar_ss18_BU_WP"
          title="BU WP"
        />
        <TreeNode
          key="gm_dollar_ss18_TD_OP"
          title="TD OP"
        />
        <TreeNode
          key="gm_dollar_ss18_BU_OP"
          title="BU OP"
        />
        <TreeNode
          key="gm_dollar_ss18_actuals"
          title="Actuals"
        />
        <TreeNode
          key="gm_dollar_ss18_proj"
          title="Exec. Proj."
        />
        <TreeNode
          key="gm_dollar_ss18_sugg"
          title="Sugg."
        />
      </TreeNode>
      <TreeNode
        dataRef={
          Object {
            "children": Array [
              Object {
                "key": "gm_dollar_ss17_TD_WP",
                "title": "TD WP",
              },
              Object {
                "key": "gm_dollar_ss17_BU_WP",
                "title": "BU WP",
              },
              Object {
                "key": "gm_dollar_ss17_TD_OP",
                "title": "TD OP",
              },
              Object {
                "key": "gm_dollar_ss17_BU_OP",
                "title": "BU OP",
              },
              Object {
                "key": "gm_dollar_ss17_actuals",
                "title": "Actuals",
              },
              Object {
                "key": "gm_dollar_ss17_proj",
                "title": "Exec. Proj.",
              },
              Object {
                "key": "gm_dollar_ss17_sugg",
                "title": "Sugg.",
              },
            ],
            "key": "gm_dollar_ss17",
            "title": "ss17",
          }
        }
        key="gm_dollar_ss17"
        title="ss17"
      >
        <TreeNode
          key="gm_dollar_ss17_TD_WP"
          title="TD WP"
        />
        <TreeNode
          key="gm_dollar_ss17_BU_WP"
          title="BU WP"
        />
        <TreeNode
          key="gm_dollar_ss17_TD_OP"
          title="TD OP"
        />
        <TreeNode
          key="gm_dollar_ss17_BU_OP"
          title="BU OP"
        />
        <TreeNode
          key="gm_dollar_ss17_actuals"
          title="Actuals"
        />
        <TreeNode
          key="gm_dollar_ss17_proj"
          title="Exec. Proj."
        />
        <TreeNode
          key="gm_dollar_ss17_sugg"
          title="Sugg."
        />
      </TreeNode>
      <TreeNode
        dataRef={
          Object {
            "children": Array [
              Object {
                "key": "gm_dollar_ss16_TD_WP",
                "title": "TD WP",
              },
              Object {
                "key": "gm_dollar_ss16_BU_WP",
                "title": "BU WP",
              },
              Object {
                "key": "gm_dollar_ss16_TD_OP",
                "title": "TD OP",
              },
              Object {
                "key": "gm_dollar_ss16_BU_OP",
                "title": "BU OP",
              },
              Object {
                "key": "gm_dollar_ss16_actuals",
                "title": "Actuals",
              },
              Object {
                "key": "gm_dollar_ss16_proj",
                "title": "Exec. Proj.",
              },
              Object {
                "key": "gm_dollar_ss16_sugg",
                "title": "Sugg.",
              },
            ],
            "key": "gm_dollar_ss16",
            "title": "ss16",
          }
        }
        key="gm_dollar_ss16"
        title="ss16"
      >
        <TreeNode
          key="gm_dollar_ss16_TD_WP"
          title="TD WP"
        />
        <TreeNode
          key="gm_dollar_ss16_BU_WP"
          title="BU WP"
        />
        <TreeNode
          key="gm_dollar_ss16_TD_OP"
          title="TD OP"
        />
        <TreeNode
          key="gm_dollar_ss16_BU_OP"
          title="BU OP"
        />
        <TreeNode
          key="gm_dollar_ss16_actuals"
          title="Actuals"
        />
        <TreeNode
          key="gm_dollar_ss16_proj"
          title="Exec. Proj."
        />
        <TreeNode
          key="gm_dollar_ss16_sugg"
          title="Sugg."
        />
      </TreeNode>
      <TreeNode
        dataRef={
          Object {
            "children": Array [
              Object {
                "key": "gm_dollar_ss15_TD_WP",
                "title": "TD WP",
              },
              Object {
                "key": "gm_dollar_ss15_BU_WP",
                "title": "BU WP",
              },
              Object {
                "key": "gm_dollar_ss15_TD_OP",
                "title": "TD OP",
              },
              Object {
                "key": "gm_dollar_ss15_BU_OP",
                "title": "BU OP",
              },
              Object {
                "key": "gm_dollar_ss15_actuals",
                "title": "Actuals",
              },
              Object {
                "key": "gm_dollar_ss15_proj",
                "title": "Exec. Proj.",
              },
              Object {
                "key": "gm_dollar_ss15_sugg",
                "title": "Sugg.",
              },
            ],
            "key": "gm_dollar_ss15",
            "title": "ss15",
          }
        }
        key="gm_dollar_ss15"
        title="ss15"
      >
        <TreeNode
          key="gm_dollar_ss15_TD_WP"
          title="TD WP"
        />
        <TreeNode
          key="gm_dollar_ss15_BU_WP"
          title="BU WP"
        />
        <TreeNode
          key="gm_dollar_ss15_TD_OP"
          title="TD OP"
        />
        <TreeNode
          key="gm_dollar_ss15_BU_OP"
          title="BU OP"
        />
        <TreeNode
          key="gm_dollar_ss15_actuals"
          title="Actuals"
        />
        <TreeNode
          key="gm_dollar_ss15_proj"
          title="Exec. Proj."
        />
        <TreeNode
          key="gm_dollar_ss15_sugg"
          title="Sugg."
        />
      </TreeNode>
    </TreeNode>
  </Tree>
</Modal>
`;
