// Jest Snapshot v1, https://goo.gl/fbAQLP

exports[`MiddleOutSection should render base layout 1`] = `
<Tabs
  activeKey="bg-women"
  animated={false}
  hideAdd={false}
  onChange={[Function]}
  prefixCls="ant-tabs"
>
  <TabPane
    key="bg-women"
    placeholder={null}
    tab="Brand Groups Women"
  >
    <Connect(withRouter(SectionContainer))
      key="bg-women"
      view="bg-women"
    />
  </TabPane>
  <TabPane
    key="bg-men"
    placeholder={null}
    tab="Brand Groups Men"
  />
</Tabs>
`;
